cannot generate code for file rv64_test_suite.ads (package spec)
